 
****************************************
Report : area
Design : modulator_64qam_top
Version: O-2018.06-SP1
Date   : Sun Dec 17 22:02:51 2023
****************************************

Library(s) Used:

    IBM_CMOS8HP_SS125 (File: /apps/design_kits/ibm_kits/IBM_IP/ibm_cmos8hp/std_cell/sc/v.20110613/synopsys/ss_125/IBM_CMOS8HP_SS125.db)

Number of ports:                          611
Number of nets:                         30177
Number of cells:                        29240
Number of combinational cells:          24452
Number of sequential cells:              4751
Number of macros/black boxes:               0
Number of buf/inv:                      11895
Number of references:                      18

Combinational area:             316727.042543
Buf/Inv area:                   148331.523484
Noncombinational area:          194983.678787
Macro/Black Box area:                0.000000
Net Interconnect area:      undefined  (Wire load has zero net area)

Total cell area:                511710.721331
Total area:                 undefined
1
